Archive member included to satisfy reference by file (symbol)

c:/st/stm32cubeide_1.4.0/stm32cubeide/plugins/com.st.stm32cube.ide.mcu.externaltools.gnu-tools-for-stm32.7-2018-q2-update.win32_1.4.0.202007081208/tools/bin/../lib/gcc/arm-none-eabi/7.3.1/../../../../arm-none-eabi/lib/thumb/v7e-m/fpv4-sp/hard\libc_nano.a(lib_a-errno.o)
                              Core/Src/syscalls.o (__errno)
c:/st/stm32cubeide_1.4.0/stm32cubeide/plugins/com.st.stm32cube.ide.mcu.externaltools.gnu-tools-for-stm32.7-2018-q2-update.win32_1.4.0.202007081208/tools/bin/../lib/gcc/arm-none-eabi/7.3.1/../../../../arm-none-eabi/lib/thumb/v7e-m/fpv4-sp/hard\libc_nano.a(lib_a-exit.o)
                              c:/st/stm32cubeide_1.4.0/stm32cubeide/plugins/com.st.stm32cube.ide.mcu.externaltools.gnu-tools-for-stm32.7-2018-q2-update.win32_1.4.0.202007081208/tools/bin/../lib/gcc/arm-none-eabi/7.3.1/../../../../arm-none-eabi/lib/thumb/v7e-m/fpv4-sp/hard/crt0.o (exit)
c:/st/stm32cubeide_1.4.0/stm32cubeide/plugins/com.st.stm32cube.ide.mcu.externaltools.gnu-tools-for-stm32.7-2018-q2-update.win32_1.4.0.202007081208/tools/bin/../lib/gcc/arm-none-eabi/7.3.1/../../../../arm-none-eabi/lib/thumb/v7e-m/fpv4-sp/hard\libc_nano.a(lib_a-impure.o)
                              c:/st/stm32cubeide_1.4.0/stm32cubeide/plugins/com.st.stm32cube.ide.mcu.externaltools.gnu-tools-for-stm32.7-2018-q2-update.win32_1.4.0.202007081208/tools/bin/../lib/gcc/arm-none-eabi/7.3.1/../../../../arm-none-eabi/lib/thumb/v7e-m/fpv4-sp/hard\libc_nano.a(lib_a-exit.o) (_global_impure_ptr)
c:/st/stm32cubeide_1.4.0/stm32cubeide/plugins/com.st.stm32cube.ide.mcu.externaltools.gnu-tools-for-stm32.7-2018-q2-update.win32_1.4.0.202007081208/tools/bin/../lib/gcc/arm-none-eabi/7.3.1/../../../../arm-none-eabi/lib/thumb/v7e-m/fpv4-sp/hard\libc_nano.a(lib_a-init.o)
                              c:/st/stm32cubeide_1.4.0/stm32cubeide/plugins/com.st.stm32cube.ide.mcu.externaltools.gnu-tools-for-stm32.7-2018-q2-update.win32_1.4.0.202007081208/tools/bin/../lib/gcc/arm-none-eabi/7.3.1/../../../../arm-none-eabi/lib/thumb/v7e-m/fpv4-sp/hard/crt0.o (__libc_init_array)
c:/st/stm32cubeide_1.4.0/stm32cubeide/plugins/com.st.stm32cube.ide.mcu.externaltools.gnu-tools-for-stm32.7-2018-q2-update.win32_1.4.0.202007081208/tools/bin/../lib/gcc/arm-none-eabi/7.3.1/../../../../arm-none-eabi/lib/thumb/v7e-m/fpv4-sp/hard\libc_nano.a(lib_a-memset.o)
                              c:/st/stm32cubeide_1.4.0/stm32cubeide/plugins/com.st.stm32cube.ide.mcu.externaltools.gnu-tools-for-stm32.7-2018-q2-update.win32_1.4.0.202007081208/tools/bin/../lib/gcc/arm-none-eabi/7.3.1/../../../../arm-none-eabi/lib/thumb/v7e-m/fpv4-sp/hard/crt0.o (memset)

Allocating common symbols
Common symbol       size              file

hadc2               0x50              Core/Src/main.o
hi2c1               0x4c              Core/Src/main.o
hcan                0x28              Core/Src/main.o
uwTick              0x4               Drivers/STM32F3xx_HAL_Driver/Src/stm32f3xx_hal.o
pFlash              0x20              Drivers/STM32F3xx_HAL_Driver/Src/stm32f3xx_hal_flash.o
hadc1               0x50              Core/Src/main.o
husart3             0x50              Core/Src/main.o
hhrtim1             0xdc              Core/Src/main.o
hrtc                0x20              Core/Src/main.o
hspi1               0x64              Core/Src/main.o

Discarded input sections

 .text          0x0000000000000000        0x0 c:/st/stm32cubeide_1.4.0/stm32cubeide/plugins/com.st.stm32cube.ide.mcu.externaltools.gnu-tools-for-stm32.7-2018-q2-update.win32_1.4.0.202007081208/tools/bin/../lib/gcc/arm-none-eabi/7.3.1/thumb/v7e-m/fpv4-sp/hard/crti.o
 .data          0x0000000000000000        0x0 c:/st/stm32cubeide_1.4.0/stm32cubeide/plugins/com.st.stm32cube.ide.mcu.externaltools.gnu-tools-for-stm32.7-2018-q2-update.win32_1.4.0.202007081208/tools/bin/../lib/gcc/arm-none-eabi/7.3.1/thumb/v7e-m/fpv4-sp/hard/crti.o
 .bss           0x0000000000000000        0x0 c:/st/stm32cubeide_1.4.0/stm32cubeide/plugins/com.st.stm32cube.ide.mcu.externaltools.gnu-tools-for-stm32.7-2018-q2-update.win32_1.4.0.202007081208/tools/bin/../lib/gcc/arm-none-eabi/7.3.1/thumb/v7e-m/fpv4-sp/hard/crti.o
 .data          0x0000000000000000        0x4 c:/st/stm32cubeide_1.4.0/stm32cubeide/plugins/com.st.stm32cube.ide.mcu.externaltools.gnu-tools-for-stm32.7-2018-q2-update.win32_1.4.0.202007081208/tools/bin/../lib/gcc/arm-none-eabi/7.3.1/thumb/v7e-m/fpv4-sp/hard/crtbegin.o
 .text          0x0000000000000000       0x74 c:/st/stm32cubeide_1.4.0/stm32cubeide/plugins/com.st.stm32cube.ide.mcu.externaltools.gnu-tools-for-stm32.7-2018-q2-update.win32_1.4.0.202007081208/tools/bin/../lib/gcc/arm-none-eabi/7.3.1/../../../../arm-none-eabi/lib/thumb/v7e-m/fpv4-sp/hard/crt0.o
[...]
Memory Configuration

Name             Origin             Length             Attributes
CCMRAM           0x0000000010000000 0x0000000000001000 xrw
RAM              0x0000000020000000 0x0000000000003000 xrw
FLASH            0x0000000008000000 0x0000000000010000 xr
*default*        0x0000000000000000 0xffffffffffffffff

Linker script and memory map

LOAD c:/st/stm32cubeide_1.4.0/stm32cubeide/plugins/com.st.stm32cube.ide.mcu.externaltools.gnu-tools-for-stm32.7-2018-q2-update.win32_1.4.0.202007081208/tools/bin/../lib/gcc/arm-none-eabi/7.3.1/thumb/v7e-m/fpv4-sp/hard/crti.o
LOAD c:/st/stm32cubeide_1.4.0/stm32cubeide/plugins/com.st.stm32cube.ide.mcu.externaltools.gnu-tools-for-stm32.7-2018-q2-update.win32_1.4.0.202007081208/tools/bin/../lib/gcc/arm-none-eabi/7.3.1/thumb/v7e-m/fpv4-sp/hard/crtbegin.o
LOAD c:/st/stm32cubeide_1.4.0/stm32cubeide/plugins/com.st.stm32cube.ide.mcu.externaltools.gnu-tools-for-stm32.7-2018-q2-update.win32_1.4.0.202007081208/tools/bin/../lib/gcc/arm-none-eabi/7.3.1/../../../../arm-none-eabi/lib/thumb/v7e-m/fpv4-sp/hard/crt0.o
LOAD Core/Src/main.o
LOAD Core/Src/stm32f3xx_hal_msp.o
LOAD Core/Src/stm32f3xx_it.o
LOAD Core/Src/syscalls.o
LOAD Core/Src/sysmem.o
LOAD Core/Src/system_stm32f3xx.o
LOAD Core/Startup/startup_stm32f334r8tx.o
LOAD Drivers/STM32F3xx_HAL_Driver/Src/stm32f3xx_hal.o
LOAD Drivers/STM32F3xx_HAL_Driver/Src/stm32f3xx_hal_adc.o
LOAD Drivers/STM32F3xx_HAL_Driver/Src/stm32f3xx_hal_adc_ex.o
LOAD Drivers/STM32F3xx_HAL_Driver/Src/stm32f3xx_hal_can.o
LOAD Drivers/STM32F3xx_HAL_Driver/Src/stm32f3xx_hal_cortex.o
LOAD Drivers/STM32F3xx_HAL_Driver/Src/stm32f3xx_hal_dma.o
LOAD Drivers/STM32F3xx_HAL_Driver/Src/stm32f3xx_hal_exti.o
LOAD Drivers/STM32F3xx_HAL_Driver/Src/stm32f3xx_hal_flash.o
LOAD Drivers/STM32F3xx_HAL_Driver/Src/stm32f3xx_hal_flash_ex.o
LOAD Drivers/STM32F3xx_HAL_Driver/Src/stm32f3xx_hal_gpio.o
LOAD Drivers/STM32F3xx_HAL_Driver/Src/stm32f3xx_hal_hrtim.o
LOAD Drivers/STM32F3xx_HAL_Driver/Src/stm32f3xx_hal_i2c.o
LOAD Drivers/STM32F3xx_HAL_Driver/Src/stm32f3xx_hal_i2c_ex.o
LOAD Drivers/STM32F3xx_HAL_Driver/Src/stm32f3xx_hal_pwr.o
LOAD Drivers/STM32F3xx_HAL_Driver/Src/stm32f3xx_hal_pwr_ex.o
LOAD Drivers/STM32F3xx_HAL_Driver/Src/stm32f3xx_hal_rcc.o
LOAD Drivers/STM32F3xx_HAL_Driver/Src/stm32f3xx_hal_rcc_ex.o
LOAD Drivers/STM32F3xx_HAL_Driver/Src/stm32f3xx_hal_rtc.o
LOAD Drivers/STM32F3xx_HAL_Driver/Src/stm32f3xx_hal_rtc_ex.o
LOAD Drivers/STM32F3xx_HAL_Driver/Src/stm32f3xx_hal_spi.o
LOAD Drivers/STM32F3xx_HAL_Driver/Src/stm32f3xx_hal_spi_ex.o
LOAD Drivers/STM32F3xx_HAL_Driver/Src/stm32f3xx_hal_tim.o
LOAD Drivers/STM32F3xx_HAL_Driver/Src/stm32f3xx_hal_tim_ex.o
LOAD Drivers/STM32F3xx_HAL_Driver/Src/stm32f3xx_hal_usart.o
START GROUP
LOAD c:/st/stm32cubeide_1.4.0/stm32cubeide/plugins/com.st.stm32cube.ide.mcu.externaltools.gnu-tools-for-stm32.7-2018-q2-update.win32_1.4.0.202007081208/tools/bin/../lib/gcc/arm-none-eabi/7.3.1/../../../../arm-none-eabi/lib/thumb/v7e-m/fpv4-sp/hard\libc_nano.a
LOAD c:/st/stm32cubeide_1.4.0/stm32cubeide/plugins/com.st.stm32cube.ide.mcu.externaltools.gnu-tools-for-stm32.7-2018-q2-update.win32_1.4.0.202007081208/tools/bin/../lib/gcc/arm-none-eabi/7.3.1/../../../../arm-none-eabi/lib/thumb/v7e-m/fpv4-sp/hard\libm.a
END GROUP
START GROUP
LOAD c:/st/stm32cubeide_1.4.0/stm32cubeide/plugins/com.st.stm32cube.ide.mcu.externaltools.gnu-tools-for-stm32.7-2018-q2-update.win32_1.4.0.202007081208/tools/bin/../lib/gcc/arm-none-eabi/7.3.1/thumb/v7e-m/fpv4-sp/hard\libgcc.a
LOAD c:/st/stm32cubeide_1.4.0/stm32cubeide/plugins/com.st.stm32cube.ide.mcu.externaltools.gnu-tools-for-stm32.7-2018-q2-update.win32_1.4.0.202007081208/tools/bin/../lib/gcc/arm-none-eabi/7.3.1/../../../../arm-none-eabi/lib/thumb/v7e-m/fpv4-sp/hard\libc_nano.a
END GROUP
START GROUP
LOAD c:/st/stm32cubeide_1.4.0/stm32cubeide/plugins/com.st.stm32cube.ide.mcu.externaltools.gnu-tools-for-stm32.7-2018-q2-update.win32_1.4.0.202007081208/tools/bin/../lib/gcc/arm-none-eabi/7.3.1/thumb/v7e-m/fpv4-sp/hard\libgcc.a
LOAD c:/st/stm32cubeide_1.4.0/stm32cubeide/plugins/com.st.stm32cube.ide.mcu.externaltools.gnu-tools-for-stm32.7-2018-q2-update.win32_1.4.0.202007081208/tools/bin/../lib/gcc/arm-none-eabi/7.3.1/../../../../arm-none-eabi/lib/thumb/v7e-m/fpv4-sp/hard\libc_nano.a
LOAD c:/st/stm32cubeide_1.4.0/stm32cubeide/plugins/com.st.stm32cube.ide.mcu.externaltools.gnu-tools-for-stm32.7-2018-q2-update.win32_1.4.0.202007081208/tools/bin/../lib/gcc/arm-none-eabi/7.3.1/../../../../arm-none-eabi/lib/thumb/v7e-m/fpv4-sp/hard\libnosys.a
END GROUP
START GROUP
LOAD c:/st/stm32cubeide_1.4.0/stm32cubeide/plugins/com.st.stm32cube.ide.mcu.externaltools.gnu-tools-for-stm32.7-2018-q2-update.win32_1.4.0.202007081208/tools/bin/../lib/gcc/arm-none-eabi/7.3.1/thumb/v7e-m/fpv4-sp/hard\libgcc.a
LOAD c:/st/stm32cubeide_1.4.0/stm32cubeide/plugins/com.st.stm32cube.ide.mcu.externaltools.gnu-tools-for-stm32.7-2018-q2-update.win32_1.4.0.202007081208/tools/bin/../lib/gcc/arm-none-eabi/7.3.1/../../../../arm-none-eabi/lib/thumb/v7e-m/fpv4-sp/hard\libc_nano.a
LOAD c:/st/stm32cubeide_1.4.0/stm32cubeide/plugins/com.st.stm32cube.ide.mcu.externaltools.gnu-tools-for-stm32.7-2018-q2-update.win32_1.4.0.202007081208/tools/bin/../lib/gcc/arm-none-eabi/7.3.1/../../../../arm-none-eabi/lib/thumb/v7e-m/fpv4-sp/hard\libnosys.a
END GROUP
LOAD c:/st/stm32cubeide_1.4.0/stm32cubeide/plugins/com.st.stm32cube.ide.mcu.externaltools.gnu-tools-for-stm32.7-2018-q2-update.win32_1.4.0.202007081208/tools/bin/../lib/gcc/arm-none-eabi/7.3.1/thumb/v7e-m/fpv4-sp/hard/crtend.o
LOAD c:/st/stm32cubeide_1.4.0/stm32cubeide/plugins/com.st.stm32cube.ide.mcu.externaltools.gnu-tools-for-stm32.7-2018-q2-update.win32_1.4.0.202007081208/tools/bin/../lib/gcc/arm-none-eabi/7.3.1/thumb/v7e-m/fpv4-sp/hard/crtn.o
                0x0000000020003000                _estack = (ORIGIN (RAM) + LENGTH (RAM))
                0x0000000000000200                _Min_Heap_Size = 0x200
                0x0000000000000400                _Min_Stack_Size = 0x400

.isr_vector     0x0000000008000000      0x188
                0x0000000008000000                . = ALIGN (0x4)
 *(.isr_vector)
 .isr_vector    0x0000000008000000      0x188 Core/Startup/startup_stm32f334r8tx.o
                0x0000000008000000                g_pfnVectors
                0x0000000008000188                . = ALIGN (0x4)

.text           0x0000000008000188     0x4d54
                0x0000000008000188                . = ALIGN (0x4)
 *(.text)
 .text          0x0000000008000188       0x40 c:/st/stm32cubeide_1.4.0/stm32cubeide/plugins/com.st.stm32cube.ide.mcu.externaltools.gnu-tools-for-stm32.7-2018-q2-update.win32_1.4.0.202007081208/tools/bin/../lib/gcc/arm-none-eabi/7.3.1/thumb/v7e-m/fpv4-sp/hard/crtbegin.o
 *(.text*)
 .text.main     0x00000000080001c8       0x32 Core/Src/main.o
                0x00000000080001c8                main
 *fill*         0x00000000080001fa        0x2 
 .text.SystemClock_Config
                0x00000000080001fc       0xc8 Core/Src/main.o
                0x00000000080001fc                SystemClock_Config
 .text.MX_ADC1_Init
                0x00000000080002c4       0xe0 Core/Src/main.o
 .text.MX_ADC2_Init
                0x00000000080003a4       0xbc Core/Src/main.o
 .text.MX_CAN_Init
                0x0000000008000460       0x68 Core/Src/main.o
 .text.MX_HRTIM1_Init
                0x00000000080004c8      0x1b4 Core/Src/main.o
 .text.MX_I2C1_Init
                0x000000000800067c       0x80 Core/Src/main.o
 .text.MX_RTC_Init
                0x00000000080006fc      0x118 Core/Src/main.o
 .text.MX_SPI1_Init
                0x0000000008000814       0x7c Core/Src/main.o
 .text.MX_USART3_Init
                0x0000000008000890       0x58 Core/Src/main.o
 .text.MX_GPIO_Init
                0x00000000080008e8       0x78 Core/Src/main.o
 .text.Error_Handler
                0x0000000008000960        0xe Core/Src/main.o
                0x0000000008000960                Error_Handler
 *fill*         0x000000000800096e        0x2 
 .text.HAL_MspInit
                0x0000000008000970       0x48 Core/Src/stm32f3xx_hal_msp.o
                0x0000000008000970                HAL_MspInit
 .text.HAL_ADC_MspInit
                0x00000000080009b8       0xfc Core/Src/stm32f3xx_hal_msp.o
                0x00000000080009b8                HAL_ADC_MspInit
 .text.HAL_CAN_MspInit
                0x0000000008000ab4       0xc4 Core/Src/stm32f3xx_hal_msp.o
                0x0000000008000ab4                HAL_CAN_MspInit
 .text.HAL_HRTIM_MspInit
                0x0000000008000b78       0x88 Core/Src/stm32f3xx_hal_msp.o
                0x0000000008000b78                HAL_HRTIM_MspInit
 .text.HAL_HRTIM_MspPostInit
                0x0000000008000c00       0xac Core/Src/stm32f3xx_hal_msp.o
                0x0000000008000c00                HAL_HRTIM_MspPostInit
 .text.HAL_I2C_MspInit
                0x0000000008000cac       0x88 Core/Src/stm32f3xx_hal_msp.o
                0x0000000008000cac                HAL_I2C_MspInit
 .text.HAL_RTC_MspInit
                0x0000000008000d34       0x4c Core/Src/stm32f3xx_hal_msp.o
                0x0000000008000d34                HAL_RTC_MspInit
 .text.HAL_SPI_MspInit
                0x0000000008000d80       0xc0 Core/Src/stm32f3xx_hal_msp.o
                0x0000000008000d80                HAL_SPI_MspInit
 .text.HAL_USART_MspInit
                0x0000000008000e40       0x88 Core/Src/stm32f3xx_hal_msp.o
                0x0000000008000e40                HAL_USART_MspInit
 .text.NMI_Handler
                0x0000000008000ec8        0xe Core/Src/stm32f3xx_it.o
                0x0000000008000ec8                NMI_Handler
 .text.HardFault_Handler
                0x0000000008000ed6        0x6 Core/Src/stm32f3xx_it.o
                0x0000000008000ed6                HardFault_Handler
 .text.MemManage_Handler
                0x0000000008000edc        0x6 Core/Src/stm32f3xx_it.o
                0x0000000008000edc                MemManage_Handler
 .text.BusFault_Handler
                0x0000000008000ee2        0x6 Core/Src/stm32f3xx_it.o
                0x0000000008000ee2                BusFault_Handler
 .text.UsageFault_Handler
                0x0000000008000ee8        0x6 Core/Src/stm32f3xx_it.o
                0x0000000008000ee8                UsageFault_Handler
 .text.SVC_Handler
                0x0000000008000eee        0xe Core/Src/stm32f3xx_it.o
                0x0000000008000eee                SVC_Handler
 .text.DebugMon_Handler
                0x0000000008000efc        0xe Core/Src/stm32f3xx_it.o
                0x0000000008000efc                DebugMon_Handler
 .text.PendSV_Handler
                0x0000000008000f0a        0xe Core/Src/stm32f3xx_it.o
                0x0000000008000f0a                PendSV_Handler
 .text.SysTick_Handler
                0x0000000008000f18        0xc Core/Src/stm32f3xx_it.o
                0x0000000008000f18                SysTick_Handler
 .text.SystemInit
                0x0000000008000f24       0x2c Core/Src/system_stm32f3xx.o
                0x0000000008000f24                SystemInit
 .text.Reset_Handler
                0x0000000008000f50       0x50 Core/Startup/startup_stm32f334r8tx.o
                0x0000000008000f50                Reset_Handler
 .text.Default_Handler
                0x0000000008000fa0        0x2 Core/Startup/startup_stm32f334r8tx.o
                0x0000000008000fa0                RTC_Alarm_IRQHandler
                0x0000000008000fa0                HRTIM1_Master_IRQHandler
                0x0000000008000fa0                TIM1_CC_IRQHandler
                0x0000000008000fa0                HRTIM1_FLT_IRQHandler
                0x0000000008000fa0                PVD_IRQHandler
                0x0000000008000fa0                HRTIM1_TIMD_IRQHandler
                0x0000000008000fa0                TAMP_STAMP_IRQHandler
                0x0000000008000fa0                EXTI3_IRQHandler
                0x0000000008000fa0                EXTI0_IRQHandler
                0x0000000008000fa0                FPU_IRQHandler
                0x0000000008000fa0                CAN_TX_IRQHandler
                0x0000000008000fa0                TIM1_UP_TIM16_IRQHandler
                0x0000000008000fa0                ADC1_2_IRQHandler
                0x0000000008000fa0                HRTIM1_TIME_IRQHandler
                0x0000000008000fa0                SPI1_IRQHandler
                0x0000000008000fa0                CAN_SCE_IRQHandler
                0x0000000008000fa0                HRTIM1_TIMC_IRQHandler
                0x0000000008000fa0                DMA1_Channel4_IRQHandler
                0x0000000008000fa0                USART3_IRQHandler
                0x0000000008000fa0                DMA1_Channel7_IRQHandler
                0x0000000008000fa0                TIM7_DAC2_IRQHandler
                0x0000000008000fa0                CAN_RX1_IRQHandler
                0x0000000008000fa0                I2C1_EV_IRQHandler
                0x0000000008000fa0                DMA1_Channel6_IRQHandler
                0x0000000008000fa0                TIM3_IRQHandler
                0x0000000008000fa0                RCC_IRQHandler
                0x0000000008000fa0                DMA1_Channel1_IRQHandler
                0x0000000008000fa0                Default_Handler
                0x0000000008000fa0                EXTI15_10_IRQHandler
                0x0000000008000fa0                COMP2_IRQHandler
                0x0000000008000fa0                HRTIM1_TIMA_IRQHandler
                0x0000000008000fa0                TIM6_DAC1_IRQHandler
                0x0000000008000fa0                EXTI9_5_IRQHandler
                0x0000000008000fa0                RTC_WKUP_IRQHandler
                0x0000000008000fa0                DMA1_Channel5_IRQHandler
                0x0000000008000fa0                EXTI4_IRQHandler
                0x0000000008000fa0                HRTIM1_TIMB_IRQHandler
                0x0000000008000fa0                TIM1_TRG_COM_TIM17_IRQHandler
                0x0000000008000fa0                DMA1_Channel3_IRQHandler
                0x0000000008000fa0                WWDG_IRQHandler
                0x0000000008000fa0                TIM2_IRQHandler
                0x0000000008000fa0                EXTI1_IRQHandler
                0x0000000008000fa0                COMP4_6_IRQHandler
                0x0000000008000fa0                USART2_IRQHandler
                0x0000000008000fa0                DMA1_Channel2_IRQHandler
                0x0000000008000fa0                FLASH_IRQHandler
                0x0000000008000fa0                USART1_IRQHandler
                0x0000000008000fa0                CAN_RX0_IRQHandler
                0x0000000008000fa0                I2C1_ER_IRQHandler
                0x0000000008000fa0                EXTI2_TSC_IRQHandler
                0x0000000008000fa0                TIM1_BRK_TIM15_IRQHandler
 *fill*         0x0000000008000fa2        0x2 
 .text.HAL_Init
                0x0000000008000fa4       0x2c Drivers/STM32F3xx_HAL_Driver/Src/stm32f3xx_hal.o
                0x0000000008000fa4                HAL_Init
 .text.HAL_InitTick
                0x0000000008000fd0       0x60 Drivers/STM32F3xx_HAL_Driver/Src/stm32f3xx_hal.o
                0x0000000008000fd0                HAL_InitTick
 .text.HAL_IncTick
                0x0000000008001030       0x28 Drivers/STM32F3xx_HAL_Driver/Src/stm32f3xx_hal.o
                0x0000000008001030                HAL_IncTick
 .text.HAL_GetTick
                0x0000000008001058       0x18 Drivers/STM32F3xx_HAL_Driver/Src/stm32f3xx_hal.o
                0x0000000008001058                HAL_GetTick
 .text.HAL_ADC_Init
                0x0000000008001070      0x324 Drivers/STM32F3xx_HAL_Driver/Src/stm32f3xx_hal_adc_ex.o
                0x0000000008001070                HAL_ADC_Init
 .text.HAL_ADC_ConfigChannel
                0x0000000008001394      0x584 Drivers/STM32F3xx_HAL_Driver/Src/stm32f3xx_hal_adc_ex.o
                0x0000000008001394                HAL_ADC_ConfigChannel
 .text.HAL_ADCEx_MultiModeConfigChannel
                0x0000000008001918      0x18c Drivers/STM32F3xx_HAL_Driver/Src/stm32f3xx_hal_adc_ex.o
                0x0000000008001918                HAL_ADCEx_MultiModeConfigChannel
 .text.ADC_Disable
                0x0000000008001aa4       0xbe Drivers/STM32F3xx_HAL_Driver/Src/stm32f3xx_hal_adc_ex.o
 .text.HAL_CAN_Init
                0x0000000008001b62      0x1f6 Drivers/STM32F3xx_HAL_Driver/Src/stm32f3xx_hal_can.o
                0x0000000008001b62                HAL_CAN_Init
 .text.__NVIC_SetPriorityGrouping
                0x0000000008001d58       0x48 Drivers/STM32F3xx_HAL_Driver/Src/stm32f3xx_hal_cortex.o
 .text.__NVIC_GetPriorityGrouping
                0x0000000008001da0       0x1c Drivers/STM32F3xx_HAL_Driver/Src/stm32f3xx_hal_cortex.o
 .text.__NVIC_SetPriority
                0x0000000008001dbc       0x54 Drivers/STM32F3xx_HAL_Driver/Src/stm32f3xx_hal_cortex.o
 .text.NVIC_EncodePriority
                0x0000000008001e10       0x66 Drivers/STM32F3xx_HAL_Driver/Src/stm32f3xx_hal_cortex.o
 *fill*         0x0000000008001e76        0x2 
 .text.SysTick_Config
                0x0000000008001e78       0x44 Drivers/STM32F3xx_HAL_Driver/Src/stm32f3xx_hal_cortex.o
 .text.HAL_NVIC_SetPriorityGrouping
                0x0000000008001ebc       0x16 Drivers/STM32F3xx_HAL_Driver/Src/stm32f3xx_hal_cortex.o
                0x0000000008001ebc                HAL_NVIC_SetPriorityGrouping
 .text.HAL_NVIC_SetPriority
                0x0000000008001ed2       0x38 Drivers/STM32F3xx_HAL_Driver/Src/stm32f3xx_hal_cortex.o
                0x0000000008001ed2                HAL_NVIC_SetPriority
 .text.HAL_SYSTICK_Config
                0x0000000008001f0a       0x18 Drivers/STM32F3xx_HAL_Driver/Src/stm32f3xx_hal_cortex.o
                0x0000000008001f0a                HAL_SYSTICK_Config
 *fill*         0x0000000008001f22        0x2 
 .text.HAL_GPIO_Init
                0x0000000008001f24      0x2e4 Drivers/STM32F3xx_HAL_Driver/Src/stm32f3xx_hal_gpio.o
                0x0000000008001f24                HAL_GPIO_Init
 .text.HAL_HRTIM_Init
                0x0000000008002208      0x198 Drivers/STM32F3xx_HAL_Driver/Src/stm32f3xx_hal_hrtim.o
                0x0000000008002208                HAL_HRTIM_Init
 .text.HAL_HRTIM_TimeBaseConfig
                0x00000000080023a0       0x50 Drivers/STM32F3xx_HAL_Driver/Src/stm32f3xx_hal_hrtim.o
                0x00000000080023a0                HAL_HRTIM_TimeBaseConfig
 .text.HAL_HRTIM_WaveformTimerConfig
                0x00000000080023f0       0xe4 Drivers/STM32F3xx_HAL_Driver/Src/stm32f3xx_hal_hrtim.o
                0x00000000080023f0                HAL_HRTIM_WaveformTimerConfig
 .text.HAL_HRTIM_WaveformOutputConfig
                0x00000000080024d4       0x62 Drivers/STM32F3xx_HAL_Driver/Src/stm32f3xx_hal_hrtim.o
                0x00000000080024d4                HAL_HRTIM_WaveformOutputConfig
 .text.HRTIM_MasterBase_Config
                0x0000000008002536       0x5e Drivers/STM32F3xx_HAL_Driver/Src/stm32f3xx_hal_hrtim.o
 .text.HRTIM_TimingUnitBase_Config
                0x0000000008002594       0x80 Drivers/STM32F3xx_HAL_Driver/Src/stm32f3xx_hal_hrtim.o
 .text.HRTIM_MasterWaveform_Config
                0x0000000008002614       0xcc Drivers/STM32F3xx_HAL_Driver/Src/stm32f3xx_hal_hrtim.o
 .text.HRTIM_TimingUnitWaveform_Config
                0x00000000080026e0      0x280 Drivers/STM32F3xx_HAL_Driver/Src/stm32f3xx_hal_hrtim.o
 .text.HRTIM_OutputConfig
                0x0000000008002960      0x16c Drivers/STM32F3xx_HAL_Driver/Src/stm32f3xx_hal_hrtim.o
 .text.HRTIM_ForceRegistersUpdate
                0x0000000008002acc       0xc4 Drivers/STM32F3xx_HAL_Driver/Src/stm32f3xx_hal_hrtim.o
 .text.HAL_I2C_Init
                0x0000000008002b90      0x11e Drivers/STM32F3xx_HAL_Driver/Src/stm32f3xx_hal_i2c.o
                0x0000000008002b90                HAL_I2C_Init
 .text.HAL_I2CEx_ConfigAnalogFilter
                0x0000000008002cae       0x96 Drivers/STM32F3xx_HAL_Driver/Src/stm32f3xx_hal_i2c_ex.o
                0x0000000008002cae                HAL_I2CEx_ConfigAnalogFilter
 .text.HAL_I2CEx_ConfigDigitalFilter
                0x0000000008002d44       0x98 Drivers/STM32F3xx_HAL_Driver/Src/stm32f3xx_hal_i2c_ex.o
                0x0000000008002d44                HAL_I2CEx_ConfigDigitalFilter
 .text.HAL_RCC_OscConfig
                0x0000000008002ddc      0xe10 Drivers/STM32F3xx_HAL_Driver/Src/stm32f3xx_hal_rcc.o
                0x0000000008002ddc                HAL_RCC_OscConfig
 .text.HAL_RCC_ClockConfig
                0x0000000008003bec      0x2f8 Drivers/STM32F3xx_HAL_Driver/Src/stm32f3xx_hal_rcc.o
                0x0000000008003bec                HAL_RCC_ClockConfig
 .text.HAL_RCC_GetSysClockFreq
                0x0000000008003ee4       0xd4 Drivers/STM32F3xx_HAL_Driver/Src/stm32f3xx_hal_rcc.o
                0x0000000008003ee4                HAL_RCC_GetSysClockFreq
 .text.HAL_RCC_GetHCLKFreq
                0x0000000008003fb8       0x18 Drivers/STM32F3xx_HAL_Driver/Src/stm32f3xx_hal_rcc.o
                0x0000000008003fb8                HAL_RCC_GetHCLKFreq
 .text.HAL_RCC_GetPCLK1Freq
                0x0000000008003fd0       0x44 Drivers/STM32F3xx_HAL_Driver/Src/stm32f3xx_hal_rcc.o
                0x0000000008003fd0                HAL_RCC_GetPCLK1Freq
 .text.HAL_RCC_GetPCLK2Freq
                0x0000000008004014       0x44 Drivers/STM32F3xx_HAL_Driver/Src/stm32f3xx_hal_rcc.o
                0x0000000008004014                HAL_RCC_GetPCLK2Freq
 .text.HAL_RCCEx_PeriphCLKConfig
                0x0000000008004058      0x26c Drivers/STM32F3xx_HAL_Driver/Src/stm32f3xx_hal_rcc_ex.o
                0x0000000008004058                HAL_RCCEx_PeriphCLKConfig
 .text.HAL_RTC_Init
                0x00000000080042c4      0x122 Drivers/STM32F3xx_HAL_Driver/Src/stm32f3xx_hal_rtc.o
                0x00000000080042c4                HAL_RTC_Init
 .text.HAL_RTC_SetTime
                0x00000000080043e6      0x17a Drivers/STM32F3xx_HAL_Driver/Src/stm32f3xx_hal_rtc.o
                0x00000000080043e6                HAL_RTC_SetTime
 .text.HAL_RTC_SetDate
                0x0000000008004560      0x14e Drivers/STM32F3xx_HAL_Driver/Src/stm32f3xx_hal_rtc.o
                0x0000000008004560                HAL_RTC_SetDate
 .text.HAL_RTC_SetAlarm
                0x00000000080046ae      0x230 Drivers/STM32F3xx_HAL_Driver/Src/stm32f3xx_hal_rtc.o
                0x00000000080046ae                HAL_RTC_SetAlarm
 .text.HAL_RTC_WaitForSynchro
                0x00000000080048de       0x50 Drivers/STM32F3xx_HAL_Driver/Src/stm32f3xx_hal_rtc.o
                0x00000000080048de                HAL_RTC_WaitForSynchro
 .text.RTC_EnterInitMode
                0x000000000800492e       0x58 Drivers/STM32F3xx_HAL_Driver/Src/stm32f3xx_hal_rtc.o
                0x000000000800492e                RTC_EnterInitMode
 .text.RTC_ByteToBcd2
                0x0000000008004986       0x3c Drivers/STM32F3xx_HAL_Driver/Src/stm32f3xx_hal_rtc.o
                0x0000000008004986                RTC_ByteToBcd2
 .text.HAL_SPI_Init
                0x00000000080049c2      0x114 Drivers/STM32F3xx_HAL_Driver/Src/stm32f3xx_hal_spi.o
                0x00000000080049c2                HAL_SPI_Init
 .text.HAL_USART_Init
                0x0000000008004ad6       0x94 Drivers/STM32F3xx_HAL_Driver/Src/stm32f3xx_hal_usart.o
                0x0000000008004ad6                HAL_USART_Init
 .text.USART_WaitOnFlagUntilTimeout
                0x0000000008004b6a       0x6c Drivers/STM32F3xx_HAL_Driver/Src/stm32f3xx_hal_usart.o
 *fill*         0x0000000008004bd6        0x2 
 .text.USART_SetConfig
                0x0000000008004bd8      0x20c Drivers/STM32F3xx_HAL_Driver/Src/stm32f3xx_hal_usart.o
 .text.USART_CheckIdleState
                0x0000000008004de4       0x86 Drivers/STM32F3xx_HAL_Driver/Src/stm32f3xx_hal_usart.o
 *fill*         0x0000000008004e6a        0x2 
 .text.__libc_init_array
                0x0000000008004e6c       0x48 c:/st/stm32cubeide_1.4.0/stm32cubeide/plugins/com.st.stm32cube.ide.mcu.externaltools.gnu-tools-for-stm32.7-2018-q2-update.win32_1.4.0.202007081208/tools/bin/../lib/gcc/arm-none-eabi/7.3.1/../../../../arm-none-eabi/lib/thumb/v7e-m/fpv4-sp/hard\libc_nano.a(lib_a-init.o)
                0x0000000008004e6c                __libc_init_array
 .text.memset   0x0000000008004eb4       0x10 c:/st/stm32cubeide_1.4.0/stm32cubeide/plugins/com.st.stm32cube.ide.mcu.externaltools.gnu-tools-for-stm32.7-2018-q2-update.win32_1.4.0.202007081208/tools/bin/../lib/gcc/arm-none-eabi/7.3.1/../../../../arm-none-eabi/lib/thumb/v7e-m/fpv4-sp/hard\libc_nano.a(lib_a-memset.o)
                0x0000000008004eb4                memset
 *(.glue_7)
 .glue_7        0x0000000008004ec4        0x0 linker stubs
 *(.glue_7t)
 .glue_7t       0x0000000008004ec4        0x0 linker stubs
 *(.eh_frame)
 .eh_frame      0x0000000008004ec4        0x0 c:/st/stm32cubeide_1.4.0/stm32cubeide/plugins/com.st.stm32cube.ide.mcu.externaltools.gnu-tools-for-stm32.7-2018-q2-update.win32_1.4.0.202007081208/tools/bin/../lib/gcc/arm-none-eabi/7.3.1/thumb/v7e-m/fpv4-sp/hard/crtbegin.o
 *(.init)
 .init          0x0000000008004ec4        0x4 c:/st/stm32cubeide_1.4.0/stm32cubeide/plugins/com.st.stm32cube.ide.mcu.externaltools.gnu-tools-for-stm32.7-2018-q2-update.win32_1.4.0.202007081208/tools/bin/../lib/gcc/arm-none-eabi/7.3.1/thumb/v7e-m/fpv4-sp/hard/crti.o
                0x0000000008004ec4                _init
 .init          0x0000000008004ec8        0x8 c:/st/stm32cubeide_1.4.0/stm32cubeide/plugins/com.st.stm32cube.ide.mcu.externaltools.gnu-tools-for-stm32.7-2018-q2-update.win32_1.4.0.202007081208/tools/bin/../lib/gcc/arm-none-eabi/7.3.1/thumb/v7e-m/fpv4-sp/hard/crtn.o
 *(.fini)
 .fini          0x0000000008004ed0        0x4 c:/st/stm32cubeide_1.4.0/stm32cubeide/plugins/com.st.stm32cube.ide.mcu.externaltools.gnu-tools-for-stm32.7-2018-q2-update.win32_1.4.0.202007081208/tools/bin/../lib/gcc/arm-none-eabi/7.3.1/thumb/v7e-m/fpv4-sp/hard/crti.o
                0x0000000008004ed0                _fini
 .fini          0x0000000008004ed4        0x8 c:/st/stm32cubeide_1.4.0/stm32cubeide/plugins/com.st.stm32cube.ide.mcu.externaltools.gnu-tools-for-stm32.7-2018-q2-update.win32_1.4.0.202007081208/tools/bin/../lib/gcc/arm-none-eabi/7.3.1/thumb/v7e-m/fpv4-sp/hard/crtn.o
                0x0000000008004edc                . = ALIGN (0x4)
                0x0000000008004edc                _etext = .

.vfp11_veneer   0x0000000008004edc        0x0
 .vfp11_veneer  0x0000000008004edc        0x0 linker stubs

.v4_bx          0x0000000008004edc        0x0
 .v4_bx         0x0000000008004edc        0x0 linker stubs

.iplt           0x0000000008004edc        0x0
 .iplt          0x0000000008004edc        0x0 c:/st/stm32cubeide_1.4.0/stm32cubeide/plugins/com.st.stm32cube.ide.mcu.externaltools.gnu-tools-for-stm32.7-2018-q2-update.win32_1.4.0.202007081208/tools/bin/../lib/gcc/arm-none-eabi/7.3.1/thumb/v7e-m/fpv4-sp/hard/crtbegin.o

.rodata         0x0000000008004edc       0x38
                0x0000000008004edc                . = ALIGN (0x4)
 *(.rodata)
 *(.rodata*)
 .rodata.AHBPrescTable
                0x0000000008004edc       0x10 Core/Src/system_stm32f3xx.o
                0x0000000008004edc                AHBPrescTable
 .rodata.APBPrescTable
                0x0000000008004eec        0x8 Core/Src/system_stm32f3xx.o
                0x0000000008004eec                APBPrescTable
 .rodata.aPLLMULFactorTable
                0x0000000008004ef4       0x10 Drivers/STM32F3xx_HAL_Driver/Src/stm32f3xx_hal_rcc.o
                0x0000000008004ef4                aPLLMULFactorTable
 .rodata.aPredivFactorTable
                0x0000000008004f04       0x10 Drivers/STM32F3xx_HAL_Driver/Src/stm32f3xx_hal_rcc.o
                0x0000000008004f04                aPredivFactorTable
                0x0000000008004f14                . = ALIGN (0x4)

.rel.dyn        0x0000000008004f14        0x0
 .rel.iplt      0x0000000008004f14        0x0 c:/st/stm32cubeide_1.4.0/stm32cubeide/plugins/com.st.stm32cube.ide.mcu.externaltools.gnu-tools-for-stm32.7-2018-q2-update.win32_1.4.0.202007081208/tools/bin/../lib/gcc/arm-none-eabi/7.3.1/thumb/v7e-m/fpv4-sp/hard/crtbegin.o

.ARM.extab      0x0000000008004f14        0x0
                0x0000000008004f14                . = ALIGN (0x4)
 *(.ARM.extab* .gnu.linkonce.armextab.*)
                0x0000000008004f14                . = ALIGN (0x4)

.ARM            0x0000000008004f14        0x0
                0x0000000008004f14                . = ALIGN (0x4)
                0x0000000008004f14                __exidx_start = .
 *(.ARM.exidx*)
                0x0000000008004f14                __exidx_end = .
                0x0000000008004f14                . = ALIGN (0x4)

.preinit_array  0x0000000008004f14        0x0
                0x0000000008004f14                . = ALIGN (0x4)
                0x0000000008004f14                PROVIDE (__preinit_array_start = .)
 *(.preinit_array*)
                0x0000000008004f14                PROVIDE (__preinit_array_end = .)
                0x0000000008004f14                . = ALIGN (0x4)

.init_array     0x0000000008004f14        0x4
                0x0000000008004f14                . = ALIGN (0x4)
                0x0000000008004f14                PROVIDE (__init_array_start = .)
 *(SORT_BY_NAME(.init_array.*))
 *(.init_array*)
 .init_array    0x0000000008004f14        0x4 c:/st/stm32cubeide_1.4.0/stm32cubeide/plugins/com.st.stm32cube.ide.mcu.externaltools.gnu-tools-for-stm32.7-2018-q2-update.win32_1.4.0.202007081208/tools/bin/../lib/gcc/arm-none-eabi/7.3.1/thumb/v7e-m/fpv4-sp/hard/crtbegin.o
                0x0000000008004f18                PROVIDE (__init_array_end = .)
                0x0000000008004f18                . = ALIGN (0x4)

.fini_array     0x0000000008004f18        0x4
                0x0000000008004f18                . = ALIGN (0x4)
                [!provide]                        PROVIDE (__fini_array_start = .)
 *(SORT_BY_NAME(.fini_array.*))
 *(.fini_array*)
 .fini_array    0x0000000008004f18        0x4 c:/st/stm32cubeide_1.4.0/stm32cubeide/plugins/com.st.stm32cube.ide.mcu.externaltools.gnu-tools-for-stm32.7-2018-q2-update.win32_1.4.0.202007081208/tools/bin/../lib/gcc/arm-none-eabi/7.3.1/thumb/v7e-m/fpv4-sp/hard/crtbegin.o
                [!provide]                        PROVIDE (__fini_array_end = .)
                0x0000000008004f1c                . = ALIGN (0x4)
                0x0000000008004f1c                _sidata = LOADADDR (.data)

.data           0x0000000020000000        0xc load address 0x0000000008004f1c
                0x0000000020000000                . = ALIGN (0x4)
                0x0000000020000000                _sdata = .
 *(.data)
 *(.data*)
 .data.SystemCoreClock
                0x0000000020000000        0x4 Core/Src/system_stm32f3xx.o
                0x0000000020000000                SystemCoreClock
 .data.uwTickPrio
                0x0000000020000004        0x4 Drivers/STM32F3xx_HAL_Driver/Src/stm32f3xx_hal.o
                0x0000000020000004                uwTickPrio
 .data.uwTickFreq
                0x0000000020000008        0x1 Drivers/STM32F3xx_HAL_Driver/Src/stm32f3xx_hal.o
                0x0000000020000008                uwTickFreq
                0x000000002000000c                . = ALIGN (0x4)
 *fill*         0x0000000020000009        0x3 
                0x000000002000000c                _edata = .

.igot.plt       0x000000002000000c        0x0 load address 0x0000000008004f28
 .igot.plt      0x000000002000000c        0x0 c:/st/stm32cubeide_1.4.0/stm32cubeide/plugins/com.st.stm32cube.ide.mcu.externaltools.gnu-tools-for-stm32.7-2018-q2-update.win32_1.4.0.202007081208/tools/bin/../lib/gcc/arm-none-eabi/7.3.1/thumb/v7e-m/fpv4-sp/hard/crtbegin.o
                0x000000002000000c                . = ALIGN (0x4)

.bss            0x000000002000000c      0x2e8 load address 0x0000000008004f28
                0x000000002000000c                _sbss = .
                0x000000002000000c                __bss_start__ = _sbss
 *(.bss)
 .bss           0x000000002000000c       0x1c c:/st/stm32cubeide_1.4.0/stm32cubeide/plugins/com.st.stm32cube.ide.mcu.externaltools.gnu-tools-for-stm32.7-2018-q2-update.win32_1.4.0.202007081208/tools/bin/../lib/gcc/arm-none-eabi/7.3.1/thumb/v7e-m/fpv4-sp/hard/crtbegin.o
 *(.bss*)
 .bss.HAL_RCC_ADC12_CLK_ENABLED
                0x0000000020000028        0x4 Core/Src/stm32f3xx_hal_msp.o
 *(COMMON)
 COMMON         0x000000002000002c      0x2c4 Core/Src/main.o
                0x000000002000002c                hadc2
                0x000000002000007c                hi2c1
                0x00000000200000c8                hcan
                0x00000000200000f0                hadc1
                0x0000000020000140                husart3
                0x0000000020000190                hhrtim1
                0x000000002000026c                hrtc
                0x000000002000028c                hspi1
 COMMON         0x00000000200002f0        0x4 Drivers/STM32F3xx_HAL_Driver/Src/stm32f3xx_hal.o
                0x00000000200002f0                uwTick
                0x00000000200002f4                . = ALIGN (0x4)
                0x00000000200002f4                _ebss = .
                0x00000000200002f4                __bss_end__ = _ebss

._user_heap_stack
                0x00000000200002f4      0x604 load address 0x0000000008004f28
                0x00000000200002f8                . = ALIGN (0x8)
 *fill*         0x00000000200002f4        0x4 
                [!provide]                        PROVIDE (end = .)
                0x00000000200002f8                PROVIDE (_end = .)
                0x00000000200004f8                . = (. + _Min_Heap_Size)
 *fill*         0x00000000200002f8      0x200 
                0x00000000200008f8                . = (. + _Min_Stack_Size)
 *fill*         0x00000000200004f8      0x400 
                0x00000000200008f8                . = ALIGN (0x8)

/DISCARD/
 libc.a(*)
 libm.a(*)
 libgcc.a(*)

.ARM.attributes
                0x0000000000000000       0x30
 *(.ARM.attributes)
 .ARM.attributes
                0x0000000000000000       0x22 c:/st/stm32cubeide_1.4.0/stm32cubeide/plugins/com.st.stm32cube.ide.mcu.externaltools.gnu-tools-for-stm32.7-2018-q2-update.win32_1.4.0.202007081208/tools/bin/../lib/gcc/arm-none-eabi/7.3.1/thumb/v7e-m/fpv4-sp/hard/crti.o
 .ARM.attributes
                0x0000000000000022       0x34 c:/st/stm32cubeide_1.4.0/stm32cubeide/plugins/com.st.stm32cube.ide.mcu.externaltools.gnu-tools-for-stm32.7-2018-q2-update.win32_1.4.0.202007081208/tools/bin/../lib/gcc/arm-none-eabi/7.3.1/thumb/v7e-m/fpv4-sp/hard/crtbegin.o
 .ARM.attributes
                0x0000000000000056       0x39 Core/Src/main.o
 .ARM.attributes
                0x000000000000008f       0x39 Core/Src/stm32f3xx_hal_msp.o
 .ARM.attributes
                0x00000000000000c8       0x39 Core/Src/stm32f3xx_it.o
 .ARM.attributes
                0x0000000000000101       0x39 Core/Src/system_stm32f3xx.o
 .ARM.attributes
                0x000000000000013a       0x21 Core/Startup/startup_stm32f334r8tx.o
 .ARM.attributes
                0x000000000000015b       0x39 Drivers/STM32F3xx_HAL_Driver/Src/stm32f3xx_hal.o
 .ARM.attributes
                0x0000000000000194       0x39 Drivers/STM32F3xx_HAL_Driver/Src/stm32f3xx_hal_adc_ex.o
 .ARM.attributes
                0x00000000000001cd       0x39 Drivers/STM32F3xx_HAL_Driver/Src/stm32f3xx_hal_can.o
 .ARM.attributes
                0x0000000000000206       0x39 Drivers/STM32F3xx_HAL_Driver/Src/stm32f3xx_hal_cortex.o
 .ARM.attributes
                0x000000000000023f       0x39 Drivers/STM32F3xx_HAL_Driver/Src/stm32f3xx_hal_gpio.o
 .ARM.attributes
                0x0000000000000278       0x39 Drivers/STM32F3xx_HAL_Driver/Src/stm32f3xx_hal_hrtim.o
 .ARM.attributes
                0x00000000000002b1       0x39 Drivers/STM32F3xx_HAL_Driver/Src/stm32f3xx_hal_i2c.o
 .ARM.attributes
                0x00000000000002ea       0x39 Drivers/STM32F3xx_HAL_Driver/Src/stm32f3xx_hal_i2c_ex.o
 .ARM.attributes
                0x0000000000000323       0x39 Drivers/STM32F3xx_HAL_Driver/Src/stm32f3xx_hal_rcc.o
 .ARM.attributes
                0x000000000000035c       0x39 Drivers/STM32F3xx_HAL_Driver/Src/stm32f3xx_hal_rcc_ex.o
 .ARM.attributes
                0x0000000000000395       0x39 Drivers/STM32F3xx_HAL_Driver/Src/stm32f3xx_hal_rtc.o
 .ARM.attributes
                0x00000000000003ce       0x39 Drivers/STM32F3xx_HAL_Driver/Src/stm32f3xx_hal_spi.o
 .ARM.attributes
                0x0000000000000407       0x39 Drivers/STM32F3xx_HAL_Driver/Src/stm32f3xx_hal_usart.o
 .ARM.attributes
                0x0000000000000440       0x34 c:/st/stm32cubeide_1.4.0/stm32cubeide/plugins/com.st.stm32cube.ide.mcu.externaltools.gnu-tools-for-stm32.7-2018-q2-update.win32_1.4.0.202007081208/tools/bin/../lib/gcc/arm-none-eabi/7.3.1/../../../../arm-none-eabi/lib/thumb/v7e-m/fpv4-sp/hard\libc_nano.a(lib_a-init.o)
 .ARM.attributes
                0x0000000000000474       0x34 c:/st/stm32cubeide_1.4.0/stm32cubeide/plugins/com.st.stm32cube.ide.mcu.externaltools.gnu-tools-for-stm32.7-2018-q2-update.win32_1.4.0.202007081208/tools/bin/../lib/gcc/arm-none-eabi/7.3.1/../../../../arm-none-eabi/lib/thumb/v7e-m/fpv4-sp/hard\libc_nano.a(lib_a-memset.o)
 .ARM.attributes
                0x00000000000004a8       0x22 c:/st/stm32cubeide_1.4.0/stm32cubeide/plugins/com.st.stm32cube.ide.mcu.externaltools.gnu-tools-for-stm32.7-2018-q2-update.win32_1.4.0.202007081208/tools/bin/../lib/gcc/arm-none-eabi/7.3.1/thumb/v7e-m/fpv4-sp/hard/crtn.o
OUTPUT(RcMPPT32.elf elf32-littlearm)

.debug_info     0x0000000000000000    0x13ac8
 .debug_info    0x0000000000000000     0x22c7 Core/Src/main.o
 .debug_info    0x00000000000022c7     0x218c Core/Src/stm32f3xx_hal_msp.o
 .debug_info    0x0000000000004453      0x20d Core/Src/stm32f3xx_it.o
 .debug_info    0x0000000000004660      0x45c Core/Src/system_stm32f3xx.o
 .debug_info    0x0000000000004abc       0x22 Core/Startup/startup_stm32f334r8tx.o
 .debug_info    0x0000000000004ade      0x782 Drivers/STM32F3xx_HAL_Driver/Src/stm32f3xx_hal.o
 .debug_info    0x0000000000005260     0x1571 Drivers/STM32F3xx_HAL_Driver/Src/stm32f3xx_hal_adc_ex.o
 .debug_info    0x00000000000067d1      0xf9b Drivers/STM32F3xx_HAL_Driver/Src/stm32f3xx_hal_can.o
 .debug_info    0x000000000000776c      0xb7e Drivers/STM32F3xx_HAL_Driver/Src/stm32f3xx_hal_cortex.o
 .debug_info    0x00000000000082ea      0x7c1 Drivers/STM32F3xx_HAL_Driver/Src/stm32f3xx_hal_gpio.o
 .debug_info    0x0000000000008aab     0x33cb Drivers/STM32F3xx_HAL_Driver/Src/stm32f3xx_hal_hrtim.o
 .debug_info    0x000000000000be76     0x1fe5 Drivers/STM32F3xx_HAL_Driver/Src/stm32f3xx_hal_i2c.o
 .debug_info    0x000000000000de5b      0x994 Drivers/STM32F3xx_HAL_Driver/Src/stm32f3xx_hal_i2c_ex.o
 .debug_info    0x000000000000e7ef     0x180f Drivers/STM32F3xx_HAL_Driver/Src/stm32f3xx_hal_rcc.o
 .debug_info    0x000000000000fffe      0x61f Drivers/STM32F3xx_HAL_Driver/Src/stm32f3xx_hal_rcc_ex.o
 .debug_info    0x000000000001061d      0xb65 Drivers/STM32F3xx_HAL_Driver/Src/stm32f3xx_hal_rtc.o
 .debug_info    0x0000000000011182     0x160b Drivers/STM32F3xx_HAL_Driver/Src/stm32f3xx_hal_spi.o
 .debug_info    0x000000000001278d     0x133b Drivers/STM32F3xx_HAL_Driver/Src/stm32f3xx_hal_usart.o

.debug_abbrev   0x0000000000000000     0x220a
 .debug_abbrev  0x0000000000000000      0x267 Core/Src/main.o
 .debug_abbrev  0x0000000000000267      0x27e Core/Src/stm32f3xx_hal_msp.o
 .debug_abbrev  0x00000000000004e5       0xc6 Core/Src/stm32f3xx_it.o
 .debug_abbrev  0x00000000000005ab      0x12b Core/Src/system_stm32f3xx.o
 .debug_abbrev  0x00000000000006d6       0x12 Core/Startup/startup_stm32f334r8tx.o
 .debug_abbrev  0x00000000000006e8      0x1c7 Drivers/STM32F3xx_HAL_Driver/Src/stm32f3xx_hal.o
 .debug_abbrev  0x00000000000008af      0x225 Drivers/STM32F3xx_HAL_Driver/Src/stm32f3xx_hal_adc_ex.o
 .debug_abbrev  0x0000000000000ad4      0x1ff Drivers/STM32F3xx_HAL_Driver/Src/stm32f3xx_hal_can.o
 .debug_abbrev  0x0000000000000cd3      0x2d5 Drivers/STM32F3xx_HAL_Driver/Src/stm32f3xx_hal_cortex.o
 .debug_abbrev  0x0000000000000fa8      0x1c0 Drivers/STM32F3xx_HAL_Driver/Src/stm32f3xx_hal_gpio.o
 .debug_abbrev  0x0000000000001168      0x235 Drivers/STM32F3xx_HAL_Driver/Src/stm32f3xx_hal_hrtim.o
 .debug_abbrev  0x000000000000139d      0x22a Drivers/STM32F3xx_HAL_Driver/Src/stm32f3xx_hal_i2c.o
 .debug_abbrev  0x00000000000015c7      0x1b9 Drivers/STM32F3xx_HAL_Driver/Src/stm32f3xx_hal_i2c_ex.o
 .debug_abbrev  0x0000000000001780      0x28c Drivers/STM32F3xx_HAL_Driver/Src/stm32f3xx_hal_rcc.o
 .debug_abbrev  0x0000000000001a0c      0x208 Drivers/STM32F3xx_HAL_Driver/Src/stm32f3xx_hal_rcc_ex.o
 .debug_abbrev  0x0000000000001c14      0x1af Drivers/STM32F3xx_HAL_Driver/Src/stm32f3xx_hal_rtc.o
 .debug_abbrev  0x0000000000001dc3      0x228 Drivers/STM32F3xx_HAL_Driver/Src/stm32f3xx_hal_spi.o
 .debug_abbrev  0x0000000000001feb      0x21f Drivers/STM32F3xx_HAL_Driver/Src/stm32f3xx_hal_usart.o

.debug_aranges  0x0000000000000000     0x1248
 .debug_aranges
                0x0000000000000000       0x78 Core/Src/main.o
 .debug_aranges
                0x0000000000000078       0x98 Core/Src/stm32f3xx_hal_msp.o
 .debug_aranges
                0x0000000000000110       0x60 Core/Src/stm32f3xx_it.o
 .debug_aranges
                0x0000000000000170       0x28 Core/Src/system_stm32f3xx.o
 .debug_aranges
                0x0000000000000198       0x28 Core/Startup/startup_stm32f334r8tx.o
 .debug_aranges
                0x00000000000001c0       0xe0 Drivers/STM32F3xx_HAL_Driver/Src/stm32f3xx_hal.o
 .debug_aranges
                0x00000000000002a0      0x168 Drivers/STM32F3xx_HAL_Driver/Src/stm32f3xx_hal_adc_ex.o
 .debug_aranges
                0x0000000000000408      0x138 Drivers/STM32F3xx_HAL_Driver/Src/stm32f3xx_hal_can.o
 .debug_aranges
                0x0000000000000540      0x100 Drivers/STM32F3xx_HAL_Driver/Src/stm32f3xx_hal_cortex.o
 .debug_aranges
                0x0000000000000640       0x58 Drivers/STM32F3xx_HAL_Driver/Src/stm32f3xx_hal_gpio.o
 .debug_aranges
                0x0000000000000698      0x408 Drivers/STM32F3xx_HAL_Driver/Src/stm32f3xx_hal_hrtim.o
 .debug_aranges
                0x0000000000000aa0      0x290 Drivers/STM32F3xx_HAL_Driver/Src/stm32f3xx_hal_i2c.o
 .debug_aranges
                0x0000000000000d30       0x48 Drivers/STM32F3xx_HAL_Driver/Src/stm32f3xx_hal_i2c_ex.o
 .debug_aranges
                0x0000000000000d78       0x88 Drivers/STM32F3xx_HAL_Driver/Src/stm32f3xx_hal_rcc.o
 .debug_aranges
                0x0000000000000e00       0x38 Drivers/STM32F3xx_HAL_Driver/Src/stm32f3xx_hal_rcc_ex.o
 .debug_aranges
                0x0000000000000e38       0xb8 Drivers/STM32F3xx_HAL_Driver/Src/stm32f3xx_hal_rtc.o
 .debug_aranges
                0x0000000000000ef0      0x1d8 Drivers/STM32F3xx_HAL_Driver/Src/stm32f3xx_hal_spi.o
 .debug_aranges
                0x00000000000010c8      0x180 Drivers/STM32F3xx_HAL_Driver/Src/stm32f3xx_hal_usart.o

.debug_ranges   0x0000000000000000     0x1130
 .debug_ranges  0x0000000000000000       0x68 Core/Src/main.o
 .debug_ranges  0x0000000000000068       0x88 Core/Src/stm32f3xx_hal_msp.o
 .debug_ranges  0x00000000000000f0       0x50 Core/Src/stm32f3xx_it.o
 .debug_ranges  0x0000000000000140       0x18 Core/Src/system_stm32f3xx.o
 .debug_ranges  0x0000000000000158       0x20 Core/Startup/startup_stm32f334r8tx.o
 .debug_ranges  0x0000000000000178       0xd0 Drivers/STM32F3xx_HAL_Driver/Src/stm32f3xx_hal.o
 .debug_ranges  0x0000000000000248      0x158 Drivers/STM32F3xx_HAL_Driver/Src/stm32f3xx_hal_adc_ex.o
 .debug_ranges  0x00000000000003a0      0x128 Drivers/STM32F3xx_HAL_Driver/Src/stm32f3xx_hal_can.o
 .debug_ranges  0x00000000000004c8       0xf0 Drivers/STM32F3xx_HAL_Driver/Src/stm32f3xx_hal_cortex.o
 .debug_ranges  0x00000000000005b8       0x48 Drivers/STM32F3xx_HAL_Driver/Src/stm32f3xx_hal_gpio.o
 .debug_ranges  0x0000000000000600      0x3f8 Drivers/STM32F3xx_HAL_Driver/Src/stm32f3xx_hal_hrtim.o
 .debug_ranges  0x00000000000009f8      0x280 Drivers/STM32F3xx_HAL_Driver/Src/stm32f3xx_hal_i2c.o
 .debug_ranges  0x0000000000000c78       0x38 Drivers/STM32F3xx_HAL_Driver/Src/stm32f3xx_hal_i2c_ex.o
 .debug_ranges  0x0000000000000cb0       0x78 Drivers/STM32F3xx_HAL_Driver/Src/stm32f3xx_hal_rcc.o
 .debug_ranges  0x0000000000000d28       0x28 Drivers/STM32F3xx_HAL_Driver/Src/stm32f3xx_hal_rcc_ex.o
 .debug_ranges  0x0000000000000d50       0xa8 Drivers/STM32F3xx_HAL_Driver/Src/stm32f3xx_hal_rtc.o
 .debug_ranges  0x0000000000000df8      0x1c8 Drivers/STM32F3xx_HAL_Driver/Src/stm32f3xx_hal_spi.o
 .debug_ranges  0x0000000000000fc0      0x170 Drivers/STM32F3xx_HAL_Driver/Src/stm32f3xx_hal_usart.o

.debug_macro    0x0000000000000000    0x1e818
 .debug_macro   0x0000000000000000      0x20e Core/Src/main.o
 .debug_macro   0x000000000000020e      0xa5a Core/Src/main.o
 .debug_macro   0x0000000000000c68      0x16f Core/Src/main.o
 .debug_macro   0x0000000000000dd7       0x2e Core/Src/main.o
 .debug_macro   0x0000000000000e05       0x28 Core/Src/main.o
 .debug_macro   0x0000000000000e2d       0x22 Core/Src/main.o
 .debug_macro   0x0000000000000e4f       0x8e Core/Src/main.o
 .debug_macro   0x0000000000000edd       0x51 Core/Src/main.o
 .debug_macro   0x0000000000000f2e       0xef Core/Src/main.o
 .debug_macro   0x000000000000101d       0x6a Core/Src/main.o
 .debug_macro   0x0000000000001087      0x1df Core/Src/main.o
 .debug_macro   0x0000000000001266       0x1c Core/Src/main.o
 .debug_macro   0x0000000000001282       0x22 Core/Src/main.o
 .debug_macro   0x00000000000012a4       0xdf Core/Src/main.o
 .debug_macro   0x0000000000001383      0xf07 Core/Src/main.o
 .debug_macro   0x000000000000228a    0x15464 Core/Src/main.o
 .debug_macro   0x00000000000176ee       0x43 Core/Src/main.o
 .debug_macro   0x0000000000017731      0x174 Core/Src/main.o
 .debug_macro   0x00000000000178a5       0x53 Core/Src/main.o
 .debug_macro   0x00000000000178f8      0x8f9 Core/Src/main.o
 .debug_macro   0x00000000000181f1      0x358 Core/Src/main.o
 .debug_macro   0x0000000000018549      0x12f Core/Src/main.o
 .debug_macro   0x0000000000018678      0x130 Core/Src/main.o
 .debug_macro   0x00000000000187a8      0x1d5 Core/Src/main.o
 .debug_macro   0x000000000001897d      0x1bc Core/Src/main.o
 .debug_macro   0x0000000000018b39       0x34 Core/Src/main.o
 .debug_macro   0x0000000000018b6d       0x3c Core/Src/main.o
 .debug_macro   0x0000000000018ba9       0x57 Core/Src/main.o
 .debug_macro   0x0000000000018c00      0x845 Core/Src/main.o
 .debug_macro   0x0000000000019445       0x77 Core/Src/main.o
 .debug_macro   0x00000000000194bc      0x408 Core/Src/main.o
 .debug_macro   0x00000000000198c4       0xc5 Core/Src/main.o
 .debug_macro   0x0000000000019989      0x19f Core/Src/main.o
 .debug_macro   0x0000000000019b28     0x166e Core/Src/main.o
 .debug_macro   0x000000000001b196      0x22c Core/Src/main.o
 .debug_macro   0x000000000001b3c2       0x5b Core/Src/main.o
 .debug_macro   0x000000000001b41d       0xa5 Core/Src/main.o
 .debug_macro   0x000000000001b4c2       0x81 Core/Src/main.o
 .debug_macro   0x000000000001b543       0xd3 Core/Src/main.o
 .debug_macro   0x000000000001b616      0x2fe Core/Src/main.o
 .debug_macro   0x000000000001b914      0x388 Core/Src/main.o
 .debug_macro   0x000000000001bc9c       0xeb Core/Src/main.o
 .debug_macro   0x000000000001bd87      0x2fe Core/Src/main.o
 .debug_macro   0x000000000001c085      0x295 Core/Src/main.o
 .debug_macro   0x000000000001c31a       0x31 Core/Src/main.o
 .debug_macro   0x000000000001c34b      0x2a1 Core/Src/main.o
 .debug_macro   0x000000000001c5ec      0x20e Core/Src/stm32f3xx_hal_msp.o
 .debug_macro   0x000000000001c7fa      0x218 Core/Src/stm32f3xx_it.o
 .debug_macro   0x000000000001ca12      0x20a Core/Src/system_stm32f3xx.o
 .debug_macro   0x000000000001cc1c      0x228 Drivers/STM32F3xx_HAL_Driver/Src/stm32f3xx_hal.o
 .debug_macro   0x000000000001ce44      0x22e Drivers/STM32F3xx_HAL_Driver/Src/stm32f3xx_hal_adc_ex.o
 .debug_macro   0x000000000001d072      0x20c Drivers/STM32F3xx_HAL_Driver/Src/stm32f3xx_hal_can.o
 .debug_macro   0x000000000001d27e      0x204 Drivers/STM32F3xx_HAL_Driver/Src/stm32f3xx_hal_cortex.o
 .debug_macro   0x000000000001d482      0x23c Drivers/STM32F3xx_HAL_Driver/Src/stm32f3xx_hal_gpio.o
 .debug_macro   0x000000000001d6be      0x221 Drivers/STM32F3xx_HAL_Driver/Src/stm32f3xx_hal_hrtim.o
 .debug_macro   0x000000000001d8df      0x2c9 Drivers/STM32F3xx_HAL_Driver/Src/stm32f3xx_hal_i2c.o
 .debug_macro   0x000000000001dba8      0x204 Drivers/STM32F3xx_HAL_Driver/Src/stm32f3xx_hal_i2c_ex.o
 .debug_macro   0x000000000001ddac      0x228 Drivers/STM32F3xx_HAL_Driver/Src/stm32f3xx_hal_rcc.o
 .debug_macro   0x000000000001dfd4      0x204 Drivers/STM32F3xx_HAL_Driver/Src/stm32f3xx_hal_rcc_ex.o
 .debug_macro   0x000000000001e1d8      0x205 Drivers/STM32F3xx_HAL_Driver/Src/stm32f3xx_hal_rtc.o
 .debug_macro   0x000000000001e3dd      0x20c Drivers/STM32F3xx_HAL_Driver/Src/stm32f3xx_hal_spi.o
 .debug_macro   0x000000000001e5e9      0x22f Drivers/STM32F3xx_HAL_Driver/Src/stm32f3xx_hal_usart.o

.debug_line     0x0000000000000000     0xed19
 .debug_line    0x0000000000000000      0x8e4 Core/Src/main.o
 .debug_line    0x00000000000008e4      0x8dd Core/Src/stm32f3xx_hal_msp.o
 .debug_line    0x00000000000011c1      0x7d4 Core/Src/stm32f3xx_it.o
 .debug_line    0x0000000000001995      0x74e Core/Src/system_stm32f3xx.o
 .debug_line    0x00000000000020e3       0x85 Core/Startup/startup_stm32f334r8tx.o
 .debug_line    0x0000000000002168      0x90b Drivers/STM32F3xx_HAL_Driver/Src/stm32f3xx_hal.o
 .debug_line    0x0000000000002a73     0x14e7 Drivers/STM32F3xx_HAL_Driver/Src/stm32f3xx_hal_adc_ex.o
 .debug_line    0x0000000000003f5a      0xbd7 Drivers/STM32F3xx_HAL_Driver/Src/stm32f3xx_hal_can.o
 .debug_line    0x0000000000004b31      0x9e2 Drivers/STM32F3xx_HAL_Driver/Src/stm32f3xx_hal_cortex.o
 .debug_line    0x0000000000005513      0x8aa Drivers/STM32F3xx_HAL_Driver/Src/stm32f3xx_hal_gpio.o
 .debug_line    0x0000000000005dbd     0x270d Drivers/STM32F3xx_HAL_Driver/Src/stm32f3xx_hal_hrtim.o
 .debug_line    0x00000000000084ca     0x1b13 Drivers/STM32F3xx_HAL_Driver/Src/stm32f3xx_hal_i2c.o
 .debug_line    0x0000000000009fdd      0x874 Drivers/STM32F3xx_HAL_Driver/Src/stm32f3xx_hal_i2c_ex.o
 .debug_line    0x000000000000a851      0xe83 Drivers/STM32F3xx_HAL_Driver/Src/stm32f3xx_hal_rcc.o
 .debug_line    0x000000000000b6d4      0x8f1 Drivers/STM32F3xx_HAL_Driver/Src/stm32f3xx_hal_rcc_ex.o
 .debug_line    0x000000000000bfc5      0xacf Drivers/STM32F3xx_HAL_Driver/Src/stm32f3xx_hal_rtc.o
 .debug_line    0x000000000000ca94     0x11ac Drivers/STM32F3xx_HAL_Driver/Src/stm32f3xx_hal_spi.o
 .debug_line    0x000000000000dc40     0x10d9 Drivers/STM32F3xx_HAL_Driver/Src/stm32f3xx_hal_usart.o

.debug_str      0x0000000000000000    0xbff45
 .debug_str     0x0000000000000000    0xbac2e Core/Src/main.o
                                      0xbafbe (size before relaxing)
 .debug_str     0x00000000000bac2e      0x1e0 Core/Src/stm32f3xx_hal_msp.o
                                      0xbaba7 (size before relaxing)
 .debug_str     0x00000000000bae0e       0xbd Core/Src/stm32f3xx_it.o
                                      0xb9880 (size before relaxing)
 .debug_str     0x00000000000baecb       0xc7 Core/Src/system_stm32f3xx.o
                                      0xb98dd (size before relaxing)
 .debug_str     0x00000000000baf92       0x36 Core/Startup/startup_stm32f334r8tx.o
                                         0x76 (size before relaxing)
 .debug_str     0x00000000000bafc8      0x65b Drivers/STM32F3xx_HAL_Driver/Src/stm32f3xx_hal.o
                                      0xb9f8f (size before relaxing)
 .debug_str     0x00000000000bb623      0x822 Drivers/STM32F3xx_HAL_Driver/Src/stm32f3xx_hal_adc_ex.o
                                      0xba521 (size before relaxing)
 .debug_str     0x00000000000bbe45      0x56e Drivers/STM32F3xx_HAL_Driver/Src/stm32f3xx_hal_can.o
                                      0xba070 (size before relaxing)
 .debug_str     0x00000000000bc3b3      0x2a0 Drivers/STM32F3xx_HAL_Driver/Src/stm32f3xx_hal_cortex.o
                                      0xb9f70 (size before relaxing)
 .debug_str     0x00000000000bc653      0x26c Drivers/STM32F3xx_HAL_Driver/Src/stm32f3xx_hal_gpio.o
                                      0xb9ba1 (size before relaxing)
 .debug_str     0x00000000000bc8bf     0x1628 Drivers/STM32F3xx_HAL_Driver/Src/stm32f3xx_hal_hrtim.o
                                      0xbb6da (size before relaxing)
 .debug_str     0x00000000000bdee7      0xe32 Drivers/STM32F3xx_HAL_Driver/Src/stm32f3xx_hal_i2c.o
                                      0xbab1d (size before relaxing)
 .debug_str     0x00000000000bed19       0xf3 Drivers/STM32F3xx_HAL_Driver/Src/stm32f3xx_hal_i2c_ex.o
                                      0xb9e86 (size before relaxing)
 .debug_str     0x00000000000bee0c      0x2f2 Drivers/STM32F3xx_HAL_Driver/Src/stm32f3xx_hal_rcc.o
                                      0xb9d37 (size before relaxing)
 .debug_str     0x00000000000bf0fe       0xd8 Drivers/STM32F3xx_HAL_Driver/Src/stm32f3xx_hal_rcc_ex.o
                                      0xb9a60 (size before relaxing)
 .debug_str     0x00000000000bf1d6      0x1ac Drivers/STM32F3xx_HAL_Driver/Src/stm32f3xx_hal_rtc.o
                                      0xb9cf0 (size before relaxing)
 .debug_str     0x00000000000bf382      0x54d Drivers/STM32F3xx_HAL_Driver/Src/stm32f3xx_hal_spi.o
                                      0xba196 (size before relaxing)
 .debug_str     0x00000000000bf8cf      0x676 Drivers/STM32F3xx_HAL_Driver/Src/stm32f3xx_hal_usart.o
                                      0xba32d (size before relaxing)

.comment        0x0000000000000000       0x7b
 .comment       0x0000000000000000       0x7b Core/Src/main.o
                                         0x7c (size before relaxing)
 .comment       0x000000000000007b       0x7c Core/Src/stm32f3xx_hal_msp.o
 .comment       0x000000000000007b       0x7c Core/Src/stm32f3xx_it.o
 .comment       0x000000000000007b       0x7c Core/Src/system_stm32f3xx.o
 .comment       0x000000000000007b       0x7c Drivers/STM32F3xx_HAL_Driver/Src/stm32f3xx_hal.o
 .comment       0x000000000000007b       0x7c Drivers/STM32F3xx_HAL_Driver/Src/stm32f3xx_hal_adc_ex.o
 .comment       0x000000000000007b       0x7c Drivers/STM32F3xx_HAL_Driver/Src/stm32f3xx_hal_can.o
 .comment       0x000000000000007b       0x7c Drivers/STM32F3xx_HAL_Driver/Src/stm32f3xx_hal_cortex.o
 .comment       0x000000000000007b       0x7c Drivers/STM32F3xx_HAL_Driver/Src/stm32f3xx_hal_gpio.o
 .comment       0x000000000000007b       0x7c Drivers/STM32F3xx_HAL_Driver/Src/stm32f3xx_hal_hrtim.o
 .comment       0x000000000000007b       0x7c Drivers/STM32F3xx_HAL_Driver/Src/stm32f3xx_hal_i2c.o
 .comment       0x000000000000007b       0x7c Drivers/STM32F3xx_HAL_Driver/Src/stm32f3xx_hal_i2c_ex.o
 .comment       0x000000000000007b       0x7c Drivers/STM32F3xx_HAL_Driver/Src/stm32f3xx_hal_rcc.o
 .comment       0x000000000000007b       0x7c Drivers/STM32F3xx_HAL_Driver/Src/stm32f3xx_hal_rcc_ex.o
 .comment       0x000000000000007b       0x7c Drivers/STM32F3xx_HAL_Driver/Src/stm32f3xx_hal_rtc.o
 .comment       0x000000000000007b       0x7c Drivers/STM32F3xx_HAL_Driver/Src/stm32f3xx_hal_spi.o
 .comment       0x000000000000007b       0x7c Drivers/STM32F3xx_HAL_Driver/Src/stm32f3xx_hal_usart.o

.debug_frame    0x0000000000000000     0x4f58
 .debug_frame   0x0000000000000000      0x19c Core/Src/main.o
 .debug_frame   0x000000000000019c      0x25c Core/Src/stm32f3xx_hal_msp.o
 .debug_frame   0x00000000000003f8      0x10c Core/Src/stm32f3xx_it.o
 .debug_frame   0x0000000000000504       0x58 Core/Src/system_stm32f3xx.o
 .debug_frame   0x000000000000055c      0x334 Drivers/STM32F3xx_HAL_Driver/Src/stm32f3xx_hal.o
 .debug_frame   0x0000000000000890      0x638 Drivers/STM32F3xx_HAL_Driver/Src/stm32f3xx_hal_adc_ex.o
 .debug_frame   0x0000000000000ec8      0x5a0 Drivers/STM32F3xx_HAL_Driver/Src/stm32f3xx_hal_can.o
 .debug_frame   0x0000000000001468      0x428 Drivers/STM32F3xx_HAL_Driver/Src/stm32f3xx_hal_cortex.o
 .debug_frame   0x0000000000001890      0x14c Drivers/STM32F3xx_HAL_Driver/Src/stm32f3xx_hal_gpio.o
 .debug_frame   0x00000000000019dc     0x1358 Drivers/STM32F3xx_HAL_Driver/Src/stm32f3xx_hal_hrtim.o
 .debug_frame   0x0000000000002d34      0xbe8 Drivers/STM32F3xx_HAL_Driver/Src/stm32f3xx_hal_i2c.o
 .debug_frame   0x000000000000391c      0x100 Drivers/STM32F3xx_HAL_Driver/Src/stm32f3xx_hal_i2c_ex.o
 .debug_frame   0x0000000000003a1c      0x214 Drivers/STM32F3xx_HAL_Driver/Src/stm32f3xx_hal_rcc.o
 .debug_frame   0x0000000000003c30       0xb4 Drivers/STM32F3xx_HAL_Driver/Src/stm32f3xx_hal_rcc_ex.o
 .debug_frame   0x0000000000003ce4      0x308 Drivers/STM32F3xx_HAL_Driver/Src/stm32f3xx_hal_rtc.o
 .debug_frame   0x0000000000003fec      0x860 Drivers/STM32F3xx_HAL_Driver/Src/stm32f3xx_hal_spi.o
 .debug_frame   0x000000000000484c      0x6c0 Drivers/STM32F3xx_HAL_Driver/Src/stm32f3xx_hal_usart.o
 .debug_frame   0x0000000000004f0c       0x2c c:/st/stm32cubeide_1.4.0/stm32cubeide/plugins/com.st.stm32cube.ide.mcu.externaltools.gnu-tools-for-stm32.7-2018-q2-update.win32_1.4.0.202007081208/tools/bin/../lib/gcc/arm-none-eabi/7.3.1/../../../../arm-none-eabi/lib/thumb/v7e-m/fpv4-sp/hard\libc_nano.a(lib_a-init.o)
 .debug_frame   0x0000000000004f38       0x20 c:/st/stm32cubeide_1.4.0/stm32cubeide/plugins/com.st.stm32cube.ide.mcu.externaltools.gnu-tools-for-stm32.7-2018-q2-update.win32_1.4.0.202007081208/tools/bin/../lib/gcc/arm-none-eabi/7.3.1/../../../../arm-none-eabi/lib/thumb/v7e-m/fpv4-sp/hard\libc_nano.a(lib_a-memset.o)
