stm32f3xx_hal_usart.c:2327:13:USART_EndTransfer	0	static
stm32f3xx_hal_usart.c:2845:13:USART_TxISR_16BIT	0	static
stm32f3xx_hal_usart.c:2638:26:USART_WaitOnFlagUntilTimeout.constprop	24	static
stm32f3xx_hal_usart.c:2811:13:USART_TxISR_8BIT	0	static
stm32f3xx_hal_usart.c:378:13:HAL_USART_MspInit	0	static
stm32f3xx_hal_usart.c:273:19:HAL_USART_Init	16	static
stm32f3xx_hal_usart.c:393:13:HAL_USART_MspDeInit	0	static
stm32f3xx_hal_usart.c:335:19:HAL_USART_DeInit	16	static
stm32f3xx_hal_usart.c:727:19:HAL_USART_Transmit	32	static
stm32f3xx_hal_usart.c:824:19:HAL_USART_Receive	32	static
stm32f3xx_hal_usart.c:929:19:HAL_USART_TransmitReceive	32	static
stm32f3xx_hal_usart.c:1076:19:HAL_USART_Transmit_IT	8	static
stm32f3xx_hal_usart.c:1139:19:HAL_USART_Receive_IT	8	static
stm32f3xx_hal_usart.c:1210:19:HAL_USART_TransmitReceive_IT	12	static
stm32f3xx_hal_usart.c:1280:19:HAL_USART_Transmit_DMA	24	static
stm32f3xx_hal_usart.c:1365:19:HAL_USART_Receive_DMA	24	static
stm32f3xx_hal_usart.c:1480:19:HAL_USART_TransmitReceive_DMA	24	static
stm32f3xx_hal_usart.c:1597:19:HAL_USART_DMAPause	0	static
stm32f3xx_hal_usart.c:1644:19:HAL_USART_DMAResume	0	static
stm32f3xx_hal_usart.c:1688:19:HAL_USART_DMAStop	8	static
stm32f3xx_hal_usart.c:1748:19:HAL_USART_Abort	8	static
stm32f3xx_hal_usart.c:2148:13:HAL_USART_TxCpltCallback	0	static
stm32f3xx_hal_usart.c:2342:13:USART_DMATransmitCplt	8	static
stm32f3xx_hal_usart.c:2163:13:HAL_USART_TxHalfCpltCallback	0	static
stm32f3xx_hal_usart.c:2382:13:USART_DMATxHalfCplt	8	static
stm32f3xx_hal_usart.c:2178:13:HAL_USART_RxCpltCallback	0	static
stm32f3xx_hal_usart.c:2193:13:HAL_USART_RxHalfCpltCallback	0	static
stm32f3xx_hal_usart.c:2475:13:USART_DMARxHalfCplt	8	static
stm32f3xx_hal_usart.c:2208:13:HAL_USART_TxRxCpltCallback	0	static
stm32f3xx_hal_usart.c:2934:13:USART_RxISR_8BIT	16	static
stm32f3xx_hal_usart.c:3014:13:USART_RxISR_16BIT	16	static
stm32f3xx_hal_usart.c:2400:13:USART_DMAReceiveCplt	8	static
stm32f3xx_hal_usart.c:2223:13:HAL_USART_ErrorCallback	0	static
stm32f3xx_hal_usart.c:2493:13:USART_DMAError	8	static
stm32f3xx_hal_usart.c:1961:6:HAL_USART_IRQHandler	16	static
stm32f3xx_hal_usart.c:2519:13:USART_DMAAbortOnError	8	static
stm32f3xx_hal_usart.c:2238:13:HAL_USART_AbortCpltCallback	0	static
stm32f3xx_hal_usart.c:1837:19:HAL_USART_Abort_IT	8	static
stm32f3xx_hal_usart.c:2590:13:USART_DMARxAbortCallback	8	static
stm32f3xx_hal_usart.c:2542:13:USART_DMATxAbortCallback	8	static
stm32f3xx_hal_usart.c:2275:24:HAL_USART_GetState	0	static
stm32f3xx_hal_usart.c:2286:10:HAL_USART_GetError	0	static
