stm32f3xx_hal_rtc.c:723:13:HAL_RTC_MspInit	0	static
stm32f3xx_hal_rtc.c:738:13:HAL_RTC_MspDeInit	0	static
stm32f3xx_hal_rtc.c:1472:19:HAL_RTC_DeactivateAlarm	16	static
stm32f3xx_hal_rtc.c:1666:13:HAL_RTC_AlarmAEventCallback	0	static
stm32f3xx_hal_rtc.c:1616:6:HAL_RTC_AlarmIRQHandler	8	static
stm32f3xx_hal_rtc.c:1682:19:HAL_RTC_PollForAlarmAEvent	16	static
stm32f3xx_hal_rtc.c:1741:19:HAL_RTC_WaitForSynchro	16	static
stm32f3xx_hal_rtc.c:1785:21:HAL_RTC_GetState	0	static
stm32f3xx_hal_rtc.c:1812:19:RTC_EnterInitMode	16	static
stm32f3xx_hal_rtc.c:280:19:HAL_RTC_Init	16	static
stm32f3xx_hal_rtc.c:400:19:HAL_RTC_DeInit	16	static
stm32f3xx_hal_rtc.c:1842:9:RTC_ByteToBcd2	0	static
stm32f3xx_hal_rtc.c:776:19:HAL_RTC_SetTime	24	static
stm32f3xx_hal_rtc.c:949:19:HAL_RTC_SetDate	24	static
stm32f3xx_hal_rtc.c:1109:19:HAL_RTC_SetAlarm	32	static
stm32f3xx_hal_rtc.c:1290:19:HAL_RTC_SetAlarm_IT	32	static
stm32f3xx_hal_rtc.c:1860:9:RTC_Bcd2ToByte	0	static
stm32f3xx_hal_rtc.c:905:19:HAL_RTC_GetTime	16	static
stm32f3xx_hal_rtc.c:1055:19:HAL_RTC_GetDate	16	static
stm32f3xx_hal_rtc.c:1566:19:HAL_RTC_GetAlarm	24	static
