main.c:770:13:MX_GPIO_Init	64	static
stm32g4xx_ll_hrtim.h:8620:22:LL_HRTIM_OUT_SetPolarity	8	static,ignoring_inline_asm
stm32g4xx_ll_hrtim.h:8682:22:LL_HRTIM_OUT_SetIdleMode	8	static,ignoring_inline_asm
stm32g4xx_ll_hrtim.h:8745:22:LL_HRTIM_OUT_SetIdleLevel	8	static,ignoring_inline_asm
stm32g4xx_ll_hrtim.h:8810:22:LL_HRTIM_OUT_SetFaultState	8	static,ignoring_inline_asm
stm32g4xx_ll_hrtim.h:8874:22:LL_HRTIM_OUT_SetChopperMode	8	static,ignoring_inline_asm
main.c:400:13:MX_HRTIM1_Init	72	static,ignoring_inline_asm
main.c:234:13:MX_ADC1_Init	120	static,ignoring_inline_asm
main.c:833:6:Error_Handler	0	static,ignoring_inline_asm
main.c:358:13:MX_FDCAN2_Init	8	static
main.c:590:13:MX_I2C1_Init	8	static
main.c:636:13:MX_I2C2_Init	8	static
main.c:682:13:MX_SPI3_Init	8	static
main.c:722:13:MX_UART5_Init	8	static
main.c:170:6:SystemClock_Config	168	static
main.c:82:5:main	72	static,ignoring_inline_asm
