stm32g4xx_it.c:71:6:NMI_Handler	8	static
stm32g4xx_it.c:85:6:HardFault_Handler	0	static
stm32g4xx_it.c:100:6:MemManage_Handler	0	static
stm32g4xx_it.c:115:6:BusFault_Handler	0	static
stm32g4xx_it.c:130:6:UsageFault_Handler	0	static
stm32g4xx_it.c:145:6:SVC_Handler	0	static
stm32g4xx_it.c:158:6:DebugMon_Handler	0	static
stm32g4xx_it.c:171:6:PendSV_Handler	0	static
stm32g4xx_it.c:184:6:SysTick_Handler	8	static
stm32g4xx_it.c:205:6:ADC1_2_IRQHandler	16	static
stm32g4xx_it.c:233:6:USB_LP_IRQHandler	8	static
stm32g4xx_it.c:247:6:HRTIM1_TIMF_IRQHandler	4	static,ignoring_inline_asm
