stm32g4xx_it.c:70:6:NMI_Handler	8	static
stm32g4xx_it.c:84:6:HardFault_Handler	0	static
stm32g4xx_it.c:99:6:MemManage_Handler	0	static
stm32g4xx_it.c:114:6:BusFault_Handler	0	static
stm32g4xx_it.c:129:6:UsageFault_Handler	0	static
stm32g4xx_it.c:144:6:SVC_Handler	0	static
stm32g4xx_it.c:157:6:DebugMon_Handler	0	static
stm32g4xx_it.c:170:6:PendSV_Handler	0	static
stm32g4xx_it.c:183:6:SysTick_Handler	8	static
stm32g4xx_it.c:204:6:ADC1_2_IRQHandler	0	static
stm32g4xx_it.c:218:6:USB_LP_IRQHandler	8	static
stm32g4xx_it.c:262:10:constrain	0	static
stm32g4xx_it.c:232:6:HRTIM1_TIMF_IRQHandler	16	static,ignoring_inline_asm
