stm32f3xx_hal_rtc.c:280:19:HAL_RTC_Init	16	static
stm32f3xx_hal_rtc.c:400:19:HAL_RTC_DeInit	24	static
stm32f3xx_hal_rtc.c:723:13:HAL_RTC_MspInit	16	static
stm32f3xx_hal_rtc.c:738:13:HAL_RTC_MspDeInit	16	static
stm32f3xx_hal_rtc.c:776:19:HAL_RTC_SetTime	40	static
stm32f3xx_hal_rtc.c:905:19:HAL_RTC_GetTime	32	static
stm32f3xx_hal_rtc.c:949:19:HAL_RTC_SetDate	40	static
stm32f3xx_hal_rtc.c:1055:19:HAL_RTC_GetDate	32	static
stm32f3xx_hal_rtc.c:1109:19:HAL_RTC_SetAlarm	48	static
stm32f3xx_hal_rtc.c:1290:19:HAL_RTC_SetAlarm_IT	48	static
stm32f3xx_hal_rtc.c:1472:19:HAL_RTC_DeactivateAlarm	24	static
stm32f3xx_hal_rtc.c:1566:19:HAL_RTC_GetAlarm	32	static
stm32f3xx_hal_rtc.c:1616:6:HAL_RTC_AlarmIRQHandler	16	static
stm32f3xx_hal_rtc.c:1666:13:HAL_RTC_AlarmAEventCallback	16	static
stm32f3xx_hal_rtc.c:1682:19:HAL_RTC_PollForAlarmAEvent	24	static
stm32f3xx_hal_rtc.c:1741:19:HAL_RTC_WaitForSynchro	24	static
stm32f3xx_hal_rtc.c:1785:21:HAL_RTC_GetState	16	static
stm32f3xx_hal_rtc.c:1812:19:RTC_EnterInitMode	24	static
stm32f3xx_hal_rtc.c:1842:9:RTC_ByteToBcd2	24	static
stm32f3xx_hal_rtc.c:1860:9:RTC_Bcd2ToByte	24	static
